      throw er; // Unhandled 'error' event
    at Server.setupListenHandle [as _listen2] (node:net:1948:16)
    at listenInCluster (node:net:2005:12)
    at Server.listen (node:net:2110:7)
    at app.listen (C:\Users\HP\Desktop\Proj-GraphTrackerTiff-main\js-backend\node_modules\express\lib\application.js:618:24)
    at Object.<anonymous> (C:\Users\HP\Desktop\Proj-GraphTrackerTiff-main\js-backend\app.js:121:5)
node:events:486
    at Module._compile (node:internal/modules/cjs/loader:1812:14)
    at Module.load (node:internal/modules/cjs/loader:1533:32)
    at Module._load (node:internal/modules/cjs/loader:1335:12)
    at Object..js (node:internal/modules/cjs/loader:1943:10)
    at wrapModuleLoad (node:internal/modules/cjs/loader:255:19)
Emitted 'error' event on Server instance at:
    at emitErrorNT (node:net:1984:8)
    at process.processTicksAndRejections (node:internal/process/task_queues:90:21) {
  code: 'EADDRINUSE',
Error: listen EADDRINUSE: address already in use :::5000
  errno: -4091,
  port: 5000
  address: '::',
  syscall: 'listen',
Node.js v24.14.0
}
      ^
